// Jest Snapshot v1, https://goo.gl/fbAQLP

exports[`RecTooltipInfo should appears when the user hover on it 1`] = `
NodeList [
  <div>
    <div
      class="css-teerh"
    >
      <div
        aria-labelledby="mui-2"
        class=" css-1iyoj2o"
        data-mui-internal-clone-element="true"
      >
        title
      </div>
    </div>
  </div>,
  <div
    class="MuiTooltip-popper MuiTooltip-popperInteractive css-yem0l2-MuiPopper-root-MuiTooltip-popper"
    data-popper-escaped=""
    data-popper-placement="bottom"
    data-popper-reference-hidden=""
    id="mui-2"
    role="tooltip"
    style="position: absolute; top: 0px; left: 0px; margin: 0px; transform: translate(0px, 0px);"
  >
    <div
      class="MuiTooltip-tooltip MuiTooltip-tooltipPlacementBottom css-ja5taz-MuiTooltip-tooltip"
      style="opacity: 1; transform: scale(1, 1); transition: opacity 200ms cubic-bezier(0.4, 0, 0.2, 1) 0ms,transform 133ms cubic-bezier(0.4, 0, 0.2, 1) 0ms;"
    >
      <div
        class="css-1iyoj2o"
      >
        <span>
          Start: 
          24.12.2021 13:00
        </span>
        <span>
          End: 
          24.12.2022 13:00
        </span>
        <br />
        <span>
          1. 
           
          title-1
        </span>
        <span>
          2. 
           
          title-2
        </span>
      </div>
    </div>
  </div>,
]
`;

exports[`RecTooltipInfo should render the text 1`] = `
HTMLCollection [
  <div
    class="css-teerh"
  >
    <div
      class=" css-1iyoj2o"
      data-mui-internal-clone-element="true"
    >
      title
    </div>
  </div>,
]
`;
