// Jest Snapshot v1, https://goo.gl/fbAQLP

exports[`DateTimePicker should display validation error 1`] = `
HTMLCollection [
  <div>
    <div
      class="MuiFormControl-root MuiTextField-root css-1u3bzj6-MuiFormControl-root-MuiTextField-root"
    >
      <label
        class="MuiInputLabel-root MuiInputLabel-formControl MuiInputLabel-animated MuiInputLabel-shrink MuiInputLabel-sizeSmall MuiInputLabel-outlined MuiFormLabel-root MuiFormLabel-colorPrimary Mui-error MuiFormLabel-filled css-1sumxir-MuiFormLabel-root-MuiInputLabel-root"
        data-shrink="true"
        for="mui-12"
        id="mui-12-label"
      >
        Date Time
      </label>
      <div
        class="MuiOutlinedInput-root MuiInputBase-root MuiInputBase-colorPrimary Mui-error MuiInputBase-formControl MuiInputBase-sizeSmall MuiInputBase-adornedEnd css-o9k5xi-MuiInputBase-root-MuiOutlinedInput-root"
      >
        <input
          aria-describedby="mui-12-helper-text"
          aria-invalid="true"
          class="MuiOutlinedInput-input MuiInputBase-input MuiInputBase-inputSizeSmall MuiInputBase-inputAdornedEnd css-19qh8xo-MuiInputBase-input-MuiOutlinedInput-input"
          id="mui-12"
          placeholder="dd/mm/yyyy hh:mm"
          type="tel"
          value="14/12/2021 16:00"
        />
        <div
          class="MuiInputAdornment-root MuiInputAdornment-positionEnd MuiInputAdornment-outlined MuiInputAdornment-sizeSmall css-1laqsz7-MuiInputAdornment-root"
        >
          <button
            aria-label="Choose date, selected date is Dec 14, 2021"
            class="MuiButtonBase-root MuiIconButton-root MuiIconButton-edgeEnd MuiIconButton-sizeMedium css-1yq5fb3-MuiButtonBase-root-MuiIconButton-root"
            tabindex="0"
            type="button"
          >
            <svg
              aria-hidden="true"
              class="MuiSvgIcon-root MuiSvgIcon-fontSizeMedium css-i4bv87-MuiSvgIcon-root"
              data-testid="CalendarIcon"
              focusable="false"
              viewBox="0 0 24 24"
            >
              <path
                d="M17 12h-5v5h5v-5zM16 1v2H8V1H6v2H5c-1.11 0-1.99.9-1.99 2L3 19c0 1.1.89 2 2 2h14c1.1 0 2-.9 2-2V5c0-1.1-.9-2-2-2h-1V1h-2zm3 18H5V8h14v11z"
              />
            </svg>
            <span
              class="MuiTouchRipple-root css-8je8zh-MuiTouchRipple-root"
            />
          </button>
        </div>
        <fieldset
          aria-hidden="true"
          class="MuiOutlinedInput-notchedOutline css-1d3z3hw-MuiOutlinedInput-notchedOutline"
        >
          <legend
            class="css-1in441m"
          >
            <span>
              Date Time
            </span>
          </legend>
        </fieldset>
      </div>
      <p
        class="MuiFormHelperText-root Mui-error MuiFormHelperText-sizeSmall MuiFormHelperText-contained MuiFormHelperText-filled css-k4qjio-MuiFormHelperText-root"
        id="mui-12-helper-text"
      >
        Required
      </p>
    </div>
  </div>,
]
`;

exports[`DateTimePicker should render 1`] = `
HTMLCollection [
  <div>
    <div
      class="MuiFormControl-root MuiTextField-root css-1u3bzj6-MuiFormControl-root-MuiTextField-root"
    >
      <label
        class="MuiInputLabel-root MuiInputLabel-formControl MuiInputLabel-animated MuiInputLabel-shrink MuiInputLabel-sizeSmall MuiInputLabel-outlined MuiFormLabel-root MuiFormLabel-colorPrimary MuiFormLabel-filled css-1sumxir-MuiFormLabel-root-MuiInputLabel-root"
        data-shrink="true"
        for="mui-3"
        id="mui-3-label"
      >
        Date Time
      </label>
      <div
        class="MuiOutlinedInput-root MuiInputBase-root MuiInputBase-colorPrimary MuiInputBase-formControl MuiInputBase-sizeSmall MuiInputBase-adornedEnd css-o9k5xi-MuiInputBase-root-MuiOutlinedInput-root"
      >
        <input
          aria-invalid="false"
          class="MuiOutlinedInput-input MuiInputBase-input MuiInputBase-inputSizeSmall MuiInputBase-inputAdornedEnd css-19qh8xo-MuiInputBase-input-MuiOutlinedInput-input"
          id="mui-3"
          placeholder="dd/mm/yyyy hh:mm"
          type="tel"
          value="14/12/2021 16:00"
        />
        <div
          class="MuiInputAdornment-root MuiInputAdornment-positionEnd MuiInputAdornment-outlined MuiInputAdornment-sizeSmall css-1laqsz7-MuiInputAdornment-root"
        >
          <button
            aria-label="Choose date, selected date is Dec 14, 2021"
            class="MuiButtonBase-root MuiIconButton-root MuiIconButton-edgeEnd MuiIconButton-sizeMedium css-1yq5fb3-MuiButtonBase-root-MuiIconButton-root"
            tabindex="0"
            type="button"
          >
            <svg
              aria-hidden="true"
              class="MuiSvgIcon-root MuiSvgIcon-fontSizeMedium css-i4bv87-MuiSvgIcon-root"
              data-testid="CalendarIcon"
              focusable="false"
              viewBox="0 0 24 24"
            >
              <path
                d="M17 12h-5v5h5v-5zM16 1v2H8V1H6v2H5c-1.11 0-1.99.9-1.99 2L3 19c0 1.1.89 2 2 2h14c1.1 0 2-.9 2-2V5c0-1.1-.9-2-2-2h-1V1h-2zm3 18H5V8h14v11z"
              />
            </svg>
            <span
              class="MuiTouchRipple-root css-8je8zh-MuiTouchRipple-root"
            />
          </button>
        </div>
        <fieldset
          aria-hidden="true"
          class="MuiOutlinedInput-notchedOutline css-1d3z3hw-MuiOutlinedInput-notchedOutline"
        >
          <legend
            class="css-1in441m"
          >
            <span>
              Date Time
            </span>
          </legend>
        </fieldset>
      </div>
    </div>
  </div>,
]
`;
