// Jest Snapshot v1, https://goo.gl/fbAQLP

exports[`Event Slot empty should render 1`] = `
HTMLCollection [
  <div
    class="empity-slot css-1fk8khu"
  >
    <div
      class="MuiBox-root css-1smxw4b"
    >
      <div
        class="MuiBox-root css-1vwnyhv"
      >
        <button
          class="MuiButtonBase-root MuiIconButton-root MuiIconButton-sizeMedium css-78trlr-MuiButtonBase-root-MuiIconButton-root"
          tabindex="0"
          type="button"
        >
          <svg
            aria-hidden="true"
            class="MuiSvgIcon-root MuiSvgIcon-fontSizeLarge css-1fyogec-MuiSvgIcon-root"
            data-testid="AddCircleIcon"
            focusable="false"
            viewBox="0 0 24 24"
          >
            <path
              d="M12 2C6.48 2 2 6.48 2 12s4.48 10 10 10 10-4.48 10-10S17.52 2 12 2zm5 11h-4v4h-2v-4H7v-2h4V7h2v4h4v2z"
            />
          </svg>
          <span
            class="MuiTouchRipple-root css-8je8zh-MuiTouchRipple-root"
          />
        </button>
      </div>
    </div>
  </div>,
]
`;

exports[`Event Slot empty should render a disabled plus slot 1`] = `
HTMLCollection [
  <div
    class="empity-slot css-1fk8khu"
  >
    <div
      class="MuiBox-root css-1smxw4b"
    >
      <div
        class="MuiBox-root css-1vwnyhv"
      >
        <button
          class="MuiButtonBase-root Mui-disabled MuiIconButton-root Mui-disabled MuiIconButton-sizeMedium css-78trlr-MuiButtonBase-root-MuiIconButton-root"
          disabled=""
          tabindex="-1"
          type="button"
        >
          <svg
            aria-hidden="true"
            class="MuiSvgIcon-root MuiSvgIcon-fontSizeLarge css-9dlxcj-MuiSvgIcon-root"
            data-testid="AddCircleIcon"
            focusable="false"
            viewBox="0 0 24 24"
          >
            <path
              d="M12 2C6.48 2 2 6.48 2 12s4.48 10 10 10 10-4.48 10-10S17.52 2 12 2zm5 11h-4v4h-2v-4H7v-2h4V7h2v4h4v2z"
            />
          </svg>
        </button>
      </div>
    </div>
  </div>,
]
`;

exports[`Event Slot empty should render a disabled slot 1`] = `
HTMLCollection [
  <div
    class="empity-slot css-1fk8khu"
  >
    <div
      class="MuiBox-root css-1smxw4b"
    >
      <div
        class="MuiBox-root css-1vwnyhv"
      />
    </div>
  </div>,
]
`;

exports[`Event Slot empty should render an hd disabled slot 1`] = `
HTMLCollection [
  <div
    class="empity-slot css-1fk8khu"
  >
    <div
      class="MuiBox-root css-1smxw4b"
    >
      <svg
        aria-hidden="true"
        class="MuiSvgIcon-root css-1kosrk6"
        focusable="false"
        viewBox="0 0 24 24"
      >
        <path
          d="M19 3H5c-1.11 0-2 .9-2 2v14c0 1.1.89 2 2 2h14c1.1 0 2-.9 2-2V5c0-1.1-.9-2-2-2zm-8 12H9.5v-2h-2v2H6V9h1.5v2.5h2V9H11v6zm2-6h4c.55 0 1 .45 1 1v4c0 .55-.45 1-1 1h-4V9zm1.5 4.5h2v-3h-2v3z"
        />
      </svg>
      <div
        class="MuiBox-root css-1vwnyhv"
      />
    </div>
  </div>,
]
`;

exports[`Event Slot empty should render an hd slot 1`] = `
HTMLCollection [
  <div
    class="empity-slot css-1fk8khu"
  >
    <div
      class="MuiBox-root css-1smxw4b"
    >
      <svg
        aria-hidden="true"
        class="MuiSvgIcon-root css-1kosrk6"
        focusable="false"
        viewBox="0 0 24 24"
      >
        <path
          d="M19 3H5c-1.11 0-2 .9-2 2v14c0 1.1.89 2 2 2h14c1.1 0 2-.9 2-2V5c0-1.1-.9-2-2-2zm-8 12H9.5v-2h-2v2H6V9h1.5v2.5h2V9H11v6zm2-6h4c.55 0 1 .45 1 1v4c0 .55-.45 1-1 1h-4V9zm1.5 4.5h2v-3h-2v3z"
        />
      </svg>
      <div
        class="MuiBox-root css-1vwnyhv"
      >
        <button
          class="MuiButtonBase-root MuiIconButton-root MuiIconButton-sizeMedium css-78trlr-MuiButtonBase-root-MuiIconButton-root"
          tabindex="0"
          type="button"
        >
          <svg
            aria-hidden="true"
            class="MuiSvgIcon-root MuiSvgIcon-fontSizeLarge css-1fyogec-MuiSvgIcon-root"
            data-testid="AddCircleIcon"
            focusable="false"
            viewBox="0 0 24 24"
          >
            <path
              d="M12 2C6.48 2 2 6.48 2 12s4.48 10 10 10 10-4.48 10-10S17.52 2 12 2zm5 11h-4v4h-2v-4H7v-2h4V7h2v4h4v2z"
            />
          </svg>
          <span
            class="MuiTouchRipple-root css-8je8zh-MuiTouchRipple-root"
          />
        </button>
      </div>
    </div>
  </div>,
]
`;

exports[`Event Slot empty should render an sd slot 1`] = `
HTMLCollection [
  <div
    class="empity-slot css-1fk8khu"
  >
    <div
      class="MuiBox-root css-1smxw4b"
    >
      <svg
        aria-hidden="true"
        class="MuiSvgIcon-root MuiSvgIcon-fontSizeMedium css-1arzi5p-MuiSvgIcon-root"
        data-testid="SdIcon"
        focusable="false"
        viewBox="0 0 24 24"
      >
        <path
          d="M19 3H5c-1.11 0-2 .9-2 2v14c0 1.1.89 2 2 2h14c1.1 0 2-.9 2-2V5c0-1.1-.9-2-2-2zm-6 6h4c.55 0 1 .45 1 1v4c0 .55-.45 1-1 1h-4V9zm-3.5 4.5v-1H7c-.55 0-1-.45-1-1V10c0-.55.45-1 1-1h3c.55 0 1 .45 1 1v1H9.5v-.5h-2v1H10c.55 0 1 .45 1 1V14c0 .55-.45 1-1 1H7c-.55 0-1-.45-1-1v-1h1.5v.5h2zm5 0h2v-3h-2v3z"
        />
      </svg>
      <div
        class="MuiBox-root css-1vwnyhv"
      >
        <button
          class="MuiButtonBase-root MuiIconButton-root MuiIconButton-sizeMedium css-78trlr-MuiButtonBase-root-MuiIconButton-root"
          tabindex="0"
          type="button"
        >
          <svg
            aria-hidden="true"
            class="MuiSvgIcon-root MuiSvgIcon-fontSizeLarge css-1fyogec-MuiSvgIcon-root"
            data-testid="AddCircleIcon"
            focusable="false"
            viewBox="0 0 24 24"
          >
            <path
              d="M12 2C6.48 2 2 6.48 2 12s4.48 10 10 10 10-4.48 10-10S17.52 2 12 2zm5 11h-4v4h-2v-4H7v-2h4V7h2v4h4v2z"
            />
          </svg>
          <span
            class="MuiTouchRipple-root css-8je8zh-MuiTouchRipple-root"
          />
        </button>
      </div>
    </div>
  </div>,
]
`;

exports[`Event Slot not empty should remove the assigned event 1`] = `
HTMLCollection [
  <div
    class="empity-slot css-1fk8khu"
  >
    <div
      class="MuiBox-root css-1smxw4b"
    >
      <div
        class="MuiBox-root css-1vwnyhv"
      >
        <button
          class="MuiButtonBase-root MuiIconButton-root MuiIconButton-sizeMedium css-78trlr-MuiButtonBase-root-MuiIconButton-root"
          tabindex="0"
          type="button"
        >
          <svg
            aria-hidden="true"
            class="MuiSvgIcon-root MuiSvgIcon-fontSizeLarge css-1fyogec-MuiSvgIcon-root"
            data-testid="AddCircleIcon"
            focusable="false"
            viewBox="0 0 24 24"
          >
            <path
              d="M12 2C6.48 2 2 6.48 2 12s4.48 10 10 10 10-4.48 10-10S17.52 2 12 2zm5 11h-4v4h-2v-4H7v-2h4V7h2v4h4v2z"
            />
          </svg>
          <span
            class="MuiTouchRipple-root css-8je8zh-MuiTouchRipple-root"
          />
        </button>
      </div>
    </div>
  </div>,
]
`;

exports[`Event Slot not empty should render 1`] = `
HTMLCollection [
  <div
    class="css-1fk8khu"
  >
    <div
      class="MuiBox-root css-1smxw4b"
    >
      <button
        class="MuiButtonBase-root MuiIconButton-root MuiIconButton-sizeMedium css-gk29l9-MuiButtonBase-root-MuiIconButton-root"
        tabindex="0"
        type="button"
      >
        <svg
          aria-hidden="true"
          class="MuiSvgIcon-root MuiSvgIcon-colorError MuiSvgIcon-fontSizeSmall css-1efkf0c-MuiSvgIcon-root"
          data-testid="ClearIcon"
          focusable="false"
          viewBox="0 0 24 24"
        >
          <path
            d="M19 6.41 17.59 5 12 10.59 6.41 5 5 6.41 10.59 12 5 17.59 6.41 19 12 13.41 17.59 19 19 17.59 13.41 12z"
          />
        </svg>
        <span
          class="MuiTouchRipple-root css-8je8zh-MuiTouchRipple-root"
        />
      </button>
      <svg
        aria-hidden="true"
        class="MuiSvgIcon-root  css-14eav6w"
        data-testid="warningIcon"
        focusable="false"
        viewBox="0 0 24 24"
      >
        <path
          d="M1 21h22L12 2 1 21zm12-3h-2v-2h2v2zm0-4h-2v-4h2v4z"
        />
      </svg>
      <div
        class="MuiBox-root css-1vwnyhv"
      >
        <svg
          aria-hidden="true"
          class="MuiSvgIcon-root MuiSvgIcon-fontSizeMedium css-1j8dm2n-MuiSvgIcon-root"
          data-testid="ImageNotSupportedIcon"
          focusable="false"
          viewBox="0 0 24 24"
        >
          <path
            d="m21.9 21.9-8.49-8.49-9.82-9.82L2.1 2.1.69 3.51 3 5.83V19c0 1.1.9 2 2 2h13.17l2.31 2.31 1.42-1.41zM5 18l3.5-4.5 2.5 3.01L12.17 15l3 3H5zm16 .17L5.83 3H19c1.1 0 2 .9 2 2v13.17z"
          />
        </svg>
      </div>
    </div>
    <div
      class="MuiGrid-root MuiGrid-container css-11lq3yg-MuiGrid-root"
    >
      <p
        class="MuiTypography-root MuiTypography-body1 MuiTypography-noWrap  css-14y2rlv-MuiTypography-root"
        data-test="event-title"
        title="event-title"
      >
        event-title
      </p>
    </div>
    <div
      class="MuiGrid-root MuiGrid-container css-19sicoy-MuiGrid-root"
      justify="flex-end"
    >
      <svg
        aria-hidden="true"
        class="MuiSvgIcon-root MuiSvgIcon-fontSizeMedium  css-1wr1quj-MuiSvgIcon-root"
        data-testid="EventAvailableIcon"
        focusable="false"
        title="Start Program"
        viewBox="0 0 24 24"
      >
        <path
          d="M16.53 11.06 15.47 10l-4.88 4.88-2.12-2.12-1.06 1.06L10.59 17l5.94-5.94zM19 3h-1V1h-2v2H8V1H6v2H5c-1.11 0-1.99.9-1.99 2L3 19c0 1.1.89 2 2 2h14c1.1 0 2-.9 2-2V5c0-1.1-.9-2-2-2zm0 16H5V8h14v11z"
        />
      </svg>
      <p
        class="MuiTypography-root MuiTypography-body1 MuiTypography-noWrap css-xwvvpn-MuiTypography-root"
        data-test="event-startProgram"
      >
        24.12.2021 13:00
      </p>
    </div>
    <div
      class="MuiGrid-root MuiGrid-container css-19sicoy-MuiGrid-root"
      justify="flex-end"
    >
      <svg
        aria-hidden="true"
        class="MuiSvgIcon-root MuiSvgIcon-fontSizeMedium  css-hkadye-MuiSvgIcon-root"
        data-testid="EventBusyIcon"
        focusable="false"
        title="End Program"
        viewBox="0 0 24 24"
      >
        <path
          d="m9.31 17 2.44-2.44L14.19 17l1.06-1.06-2.44-2.44 2.44-2.44L14.19 10l-2.44 2.44L9.31 10l-1.06 1.06 2.44 2.44-2.44 2.44L9.31 17zM19 3h-1V1h-2v2H8V1H6v2H5c-1.11 0-1.99.9-1.99 2L3 19c0 1.1.89 2 2 2h14c1.1 0 2-.9 2-2V5c0-1.1-.9-2-2-2zm0 16H5V8h14v11z"
        />
      </svg>
      <p
        class="MuiTypography-root MuiTypography-body1 MuiTypography-noWrap css-xwvvpn-MuiTypography-root"
        data-test="event-endProgram"
      >
        24.12.2022 13:00
      </p>
    </div>
  </div>,
]
`;

exports[`Event Slot not empty should render a disabled slot 1`] = `
HTMLCollection [
  <div
    class="css-1fk8khu"
  >
    <div
      class="MuiBox-root css-1smxw4b"
    >
      <svg
        aria-hidden="true"
        class="MuiSvgIcon-root  css-14eav6w"
        data-testid="warningIcon"
        focusable="false"
        viewBox="0 0 24 24"
      >
        <path
          d="M1 21h22L12 2 1 21zm12-3h-2v-2h2v2zm0-4h-2v-4h2v4z"
        />
      </svg>
      <div
        class="MuiBox-root css-1vwnyhv"
      >
        <svg
          aria-hidden="true"
          class="MuiSvgIcon-root MuiSvgIcon-fontSizeMedium css-1j8dm2n-MuiSvgIcon-root"
          data-testid="ImageNotSupportedIcon"
          focusable="false"
          viewBox="0 0 24 24"
        >
          <path
            d="m21.9 21.9-8.49-8.49-9.82-9.82L2.1 2.1.69 3.51 3 5.83V19c0 1.1.9 2 2 2h13.17l2.31 2.31 1.42-1.41zM5 18l3.5-4.5 2.5 3.01L12.17 15l3 3H5zm16 .17L5.83 3H19c1.1 0 2 .9 2 2v13.17z"
          />
        </svg>
      </div>
    </div>
    <div
      class="MuiGrid-root MuiGrid-container css-11lq3yg-MuiGrid-root"
    >
      <p
        class="MuiTypography-root MuiTypography-body1 MuiTypography-noWrap  css-14y2rlv-MuiTypography-root"
        data-test="event-title"
        title="event-title"
      >
        event-title
      </p>
    </div>
    <div
      class="MuiGrid-root MuiGrid-container css-19sicoy-MuiGrid-root"
      justify="flex-end"
    >
      <svg
        aria-hidden="true"
        class="MuiSvgIcon-root MuiSvgIcon-fontSizeMedium  css-1wr1quj-MuiSvgIcon-root"
        data-testid="EventAvailableIcon"
        focusable="false"
        title="Start Program"
        viewBox="0 0 24 24"
      >
        <path
          d="M16.53 11.06 15.47 10l-4.88 4.88-2.12-2.12-1.06 1.06L10.59 17l5.94-5.94zM19 3h-1V1h-2v2H8V1H6v2H5c-1.11 0-1.99.9-1.99 2L3 19c0 1.1.89 2 2 2h14c1.1 0 2-.9 2-2V5c0-1.1-.9-2-2-2zm0 16H5V8h14v11z"
        />
      </svg>
      <p
        class="MuiTypography-root MuiTypography-body1 MuiTypography-noWrap css-xwvvpn-MuiTypography-root"
        data-test="event-startProgram"
      >
        24.12.2021 13:00
      </p>
    </div>
    <div
      class="MuiGrid-root MuiGrid-container css-19sicoy-MuiGrid-root"
      justify="flex-end"
    >
      <svg
        aria-hidden="true"
        class="MuiSvgIcon-root MuiSvgIcon-fontSizeMedium  css-hkadye-MuiSvgIcon-root"
        data-testid="EventBusyIcon"
        focusable="false"
        title="End Program"
        viewBox="0 0 24 24"
      >
        <path
          d="m9.31 17 2.44-2.44L14.19 17l1.06-1.06-2.44-2.44 2.44-2.44L14.19 10l-2.44 2.44L9.31 10l-1.06 1.06 2.44 2.44-2.44 2.44L9.31 17zM19 3h-1V1h-2v2H8V1H6v2H5c-1.11 0-1.99.9-1.99 2L3 19c0 1.1.89 2 2 2h14c1.1 0 2-.9 2-2V5c0-1.1-.9-2-2-2zm0 16H5V8h14v11z"
        />
      </svg>
      <p
        class="MuiTypography-root MuiTypography-body1 MuiTypography-noWrap css-xwvvpn-MuiTypography-root"
        data-test="event-endProgram"
      >
        24.12.2022 13:00
      </p>
    </div>
  </div>,
]
`;

exports[`Event Slot not empty should render an hd slot 1`] = `
HTMLCollection [
  <div
    class="css-1fk8khu"
  >
    <div
      class="MuiBox-root css-1smxw4b"
    >
      <svg
        aria-hidden="true"
        class="MuiSvgIcon-root css-1kosrk6"
        focusable="false"
        viewBox="0 0 24 24"
      >
        <path
          d="M19 3H5c-1.11 0-2 .9-2 2v14c0 1.1.89 2 2 2h14c1.1 0 2-.9 2-2V5c0-1.1-.9-2-2-2zm-8 12H9.5v-2h-2v2H6V9h1.5v2.5h2V9H11v6zm2-6h4c.55 0 1 .45 1 1v4c0 .55-.45 1-1 1h-4V9zm1.5 4.5h2v-3h-2v3z"
        />
      </svg>
      <button
        class="MuiButtonBase-root MuiIconButton-root MuiIconButton-sizeMedium css-gk29l9-MuiButtonBase-root-MuiIconButton-root"
        tabindex="0"
        type="button"
      >
        <svg
          aria-hidden="true"
          class="MuiSvgIcon-root MuiSvgIcon-colorError MuiSvgIcon-fontSizeSmall css-1efkf0c-MuiSvgIcon-root"
          data-testid="ClearIcon"
          focusable="false"
          viewBox="0 0 24 24"
        >
          <path
            d="M19 6.41 17.59 5 12 10.59 6.41 5 5 6.41 10.59 12 5 17.59 6.41 19 12 13.41 17.59 19 19 17.59 13.41 12z"
          />
        </svg>
        <span
          class="MuiTouchRipple-root css-8je8zh-MuiTouchRipple-root"
        />
      </button>
      <svg
        aria-hidden="true"
        class="MuiSvgIcon-root  css-14eav6w"
        data-testid="warningIcon"
        focusable="false"
        viewBox="0 0 24 24"
      >
        <path
          d="M1 21h22L12 2 1 21zm12-3h-2v-2h2v2zm0-4h-2v-4h2v4z"
        />
      </svg>
      <div
        class="MuiBox-root css-1vwnyhv"
      >
        <svg
          aria-hidden="true"
          class="MuiSvgIcon-root MuiSvgIcon-fontSizeMedium css-1j8dm2n-MuiSvgIcon-root"
          data-testid="ImageNotSupportedIcon"
          focusable="false"
          viewBox="0 0 24 24"
        >
          <path
            d="m21.9 21.9-8.49-8.49-9.82-9.82L2.1 2.1.69 3.51 3 5.83V19c0 1.1.9 2 2 2h13.17l2.31 2.31 1.42-1.41zM5 18l3.5-4.5 2.5 3.01L12.17 15l3 3H5zm16 .17L5.83 3H19c1.1 0 2 .9 2 2v13.17z"
          />
        </svg>
      </div>
    </div>
    <div
      class="MuiGrid-root MuiGrid-container css-11lq3yg-MuiGrid-root"
    >
      <p
        class="MuiTypography-root MuiTypography-body1 MuiTypography-noWrap  css-14y2rlv-MuiTypography-root"
        data-test="event-title"
        title="event-title"
      >
        event-title
      </p>
    </div>
    <div
      class="MuiGrid-root MuiGrid-container css-19sicoy-MuiGrid-root"
      justify="flex-end"
    >
      <svg
        aria-hidden="true"
        class="MuiSvgIcon-root MuiSvgIcon-fontSizeMedium  css-1wr1quj-MuiSvgIcon-root"
        data-testid="EventAvailableIcon"
        focusable="false"
        title="Start Program"
        viewBox="0 0 24 24"
      >
        <path
          d="M16.53 11.06 15.47 10l-4.88 4.88-2.12-2.12-1.06 1.06L10.59 17l5.94-5.94zM19 3h-1V1h-2v2H8V1H6v2H5c-1.11 0-1.99.9-1.99 2L3 19c0 1.1.89 2 2 2h14c1.1 0 2-.9 2-2V5c0-1.1-.9-2-2-2zm0 16H5V8h14v11z"
        />
      </svg>
      <p
        class="MuiTypography-root MuiTypography-body1 MuiTypography-noWrap css-xwvvpn-MuiTypography-root"
        data-test="event-startProgram"
      >
        24.12.2021 13:00
      </p>
    </div>
    <div
      class="MuiGrid-root MuiGrid-container css-19sicoy-MuiGrid-root"
      justify="flex-end"
    >
      <svg
        aria-hidden="true"
        class="MuiSvgIcon-root MuiSvgIcon-fontSizeMedium  css-hkadye-MuiSvgIcon-root"
        data-testid="EventBusyIcon"
        focusable="false"
        title="End Program"
        viewBox="0 0 24 24"
      >
        <path
          d="m9.31 17 2.44-2.44L14.19 17l1.06-1.06-2.44-2.44 2.44-2.44L14.19 10l-2.44 2.44L9.31 10l-1.06 1.06 2.44 2.44-2.44 2.44L9.31 17zM19 3h-1V1h-2v2H8V1H6v2H5c-1.11 0-1.99.9-1.99 2L3 19c0 1.1.89 2 2 2h14c1.1 0 2-.9 2-2V5c0-1.1-.9-2-2-2zm0 16H5V8h14v11z"
        />
      </svg>
      <p
        class="MuiTypography-root MuiTypography-body1 MuiTypography-noWrap css-xwvvpn-MuiTypography-root"
        data-test="event-endProgram"
      >
        24.12.2022 13:00
      </p>
    </div>
  </div>,
]
`;
